1778881864.4789,1401,1475,0.0079,7.21,914.76
1778881864.4869,1388,1467,0.0080,15.26,1903.30
1778881864.4950,1374,1458,0.0080,16.64,2071.37
1778881864.5030,1365,1454,0.0080,9.85,1229.11
1778881864.5110,1358,1454,0.0080,7.00,873.06
1778881864.5349,1354,1454,0.0240,4.00,166.91
1778881864.9909,1351,1454,0.0160,2.00,125.24
1778882202.5352,1260,1473,0.0078,26.42,3405.00
1778882202.5432,1338,1443,0.0080,83.57,10442.69
1778882202.5512,1462,1398,0.0080,131.91,16427.14
1778882202.5592,1585,1353,0.0080,130.97,16372.85
1778882202.5674,1692,1321,0.0082,111.68,13674.41
1778882202.5752,1758,1299,0.0078,69.57,8872.21
1778882202.5832,1795,1286,0.0080,39.22,4928.67
1778882202.5912,1812,1280,0.0080,18.03,2240.68
1778882203.2792,1821,1280,0.6880,9.00,13.08
1778882203.2872,1828,1280,0.0080,7.00,879.41
1778882203.2952,1832,1280,0.0080,4.00,500.27
1778882203.3032,1838,1281,0.0081,6.08,752.68
1778882203.3112,1845,1283,0.0079,7.28,916.20
1778882203.3195,1854,1288,0.0083,10.30,1245.47
1778882203.3272,1868,1293,0.0077,14.87,1923.28
1778882203.3352,1886,1302,0.0080,20.12,2512.91
1778882203.3433,1903,1308,0.0081,18.03,2231.02
1778882203.3512,1921,1317,0.0080,20.12,2529.33
1778882203.3592,1938,1326,0.0080,19.24,2401.66
1778882203.3672,1952,1334,0.0080,16.12,2019.86
1778882203.3752,1966,1340,0.0080,15.23,1911.95
1778882203.3832,1979,1345,0.0080,13.93,1746.43
1778882203.3912,1993,1350,0.0080,14.87,1847.05
1778882203.3993,2007,1356,0.0080,15.23,1893.47
1778882203.4072,2024,1362,0.0079,18.03,2283.79
1778882203.4152,2038,1370,0.0080,16.12,2007.39
1778882203.4232,2059,1379,0.0081,22.85,2836.68
1778882203.4312,2085,1389,0.0079,27.86,3508.60
1778882203.4392,2118,1402,0.0080,35.47,4419.89
1778882203.4472,2154,1415,0.0080,38.28,4782.34
1778882203.4553,2197,1433,0.0080,46.62,5797.29
1778882203.4632,2234,1446,0.0079,39.22,4934.59
1778882203.4712,2283,1469,0.0080,54.13,6785.69
1778882203.4792,2350,1491,0.0080,70.52,8794.08
1778882203.4872,2413,1504,0.0080,64.33,8058.07
1778882203.4952,2449,1511,0.0080,36.67,4583.52
1778882203.5032,2486,1517,0.0080,37.48,4662.13
1778882203.5112,2514,1520,0.0079,28.16,3542.99
1778882203.5192,2531,1523,0.0080,17.26,2156.96
1778882203.5672,2537,1523,0.0480,6.00,124.90
1778882203.5752,2539,1522,0.0080,2.24,281.20
1778882203.5832,2538,1519,0.0080,3.16,394.24
1778882203.5912,2531,1512,0.0080,9.90,1240.08
1778882203.5991,2521,1504,0.0080,12.81,1604.20
1778882203.6071,2510,1496,0.0080,13.60,1699.85
1778882203.6152,2496,1485,0.0081,17.80,2207.24
1778882203.6232,2474,1469,0.0079,27.20,3427.38
1778882203.6312,2448,1453,0.0080,30.53,3813.86
1778882203.6392,2430,1441,0.0080,21.63,2687.86
1778882203.6472,2400,1421,0.0080,36.06,4490.00
1778882203.6552,2363,1404,0.0080,40.72,5090.95
1778882203.6632,2308,1376,0.0080,61.72,7730.63
1778882203.6712,2254,1352,0.0080,59.09,7401.96
1778882203.6792,2192,1321,0.0080,69.32,8667.20
1778882203.6871,2114,1281,0.0079,87.66,11027.12
1778882203.6952,2020,1234,0.0080,105.10,13068.91
1778882203.7032,1909,1179,0.0080,123.88,15428.51
1778882203.7112,1806,1125,0.0079,116.30,14635.02
1778882203.7192,1702,1065,0.0081,120.07,14906.35
1778882203.7272,1583,1002,0.0079,134.65,16947.85
1778882203.7352,1480,0948,0.0080,116.30,14486.80
1778882203.7432,1391,0890,0.0080,106.23,13198.00
1778882203.7512,1301,0827,0.0080,109.86,13807.44
1778882203.7592,1218,0764,0.0080,104.20,13083.09
1778882203.7671,1125,0689,0.0080,119.47,14974.59
1778882203.7752,1034,0619,0.0081,114.81,14215.26
1778882203.7832,0949,0544,0.0079,113.36,14276.28
1778882203.7912,0857,0469,0.0081,118.70,14715.41
1778882203.7992,0773,0400,0.0080,108.71,13622.94
1778882203.8072,0689,0332,0.0080,108.07,13559.54
1778882203.8152,0606,0270,0.0080,103.60,12985.80
1778882203.8232,0531,0209,0.0080,96.67,12076.22
1778882203.8312,0471,0158,0.0080,78.75,9837.57
1778882203.8392,0411,0113,0.0080,75.00,9344.76
1778882203.8472,0361,0075,0.0080,62.80,7836.71
1778882203.8553,0319,0044,0.0081,52.20,6459.25
1778882203.8631,0276,0014,0.0079,52.43,6666.60
1778882203.8712,0236,-012,0.0081,47.71,5910.49
1778882203.8792,0197,-021,0.0079,40.02,5037.87
1778882203.8872,0158,-022,0.0080,39.01,4868.11
1778882203.8952,0112,-023,0.0080,46.01,5751.95
1778882203.9032,0073,-021,0.0080,39.05,4859.74
1778882203.9112,0034,-021,0.0080,39.00,4854.66
1778882203.9192,-005,-021,0.0080,39.00,4882.92
1778882203.9272,-039,-022,0.0080,34.01,4267.92
1778882203.9354,-033,-016,0.0082,8.49,1029.53
1778882203.9433,-030,-017,0.0078,3.16,404.56
1778882203.9514,-025,-012,0.0081,7.07,867.96
1778882203.9594,-026,-013,0.0080,1.41,177.84
1778882203.9673,-018,-012,0.0080,8.06,1010.57
1778882203.9753,-014,-009,0.0080,5.00,626.82
1778882203.9834,-010,-007,0.0080,4.47,555.55
1778882203.9992,-007,-005,0.0080,4.24,531.11
1778882204.0072,-007,-007,0.0080,2.00,251.34
1778882204.0152,-004,-004,0.0081,4.24,526.82
1778882204.0313,0000,-002,0.0080,5.39,669.74
1778882204.0392,-001,-001,0.0079,1.41,178.29
1778882204.0472,-002,-002,0.0080,1.41,176.46
1778882216.5992,0000,0001,12.5520,3.61,0.29
1778882216.6072,0003,0004,0.0080,4.24,531.81
1778882216.6152,0007,0011,0.0080,8.06,1004.59
1778882216.6233,0014,0018,0.0080,9.90,1229.94
1778882216.6313,0021,0025,0.0081,9.90,1225.76
1778882216.6392,0026,0032,0.0079,8.60,1093.16
1778882216.6473,0033,0039,0.0081,9.90,1228.81
1778882216.6553,0039,0046,0.0080,9.22,1150.98
1778882216.6633,0046,0052,0.0080,9.22,1149.51
1778882216.6712,0057,0063,0.0079,15.56,1956.99
1778882216.6792,0068,0074,0.0080,15.56,1946.77
1778882216.6872,0083,0089,0.0080,21.21,2652.63
1778882216.6952,0098,0104,0.0080,21.21,2644.12
1778882216.7033,0116,0122,0.0081,25.46,3155.69
1778882216.7115,0131,0137,0.0082,21.21,2582.87
1778882216.7193,0153,0156,0.0078,29.07,3739.42
1778882216.7272,0172,0171,0.0079,24.21,3068.77
1778882216.7352,0190,0187,0.0080,24.08,2995.08
1778882216.7433,0205,0202,0.0080,21.21,2640.51
1778882216.7512,0219,0213,0.0079,17.80,2247.83
1778882216.7592,0230,0224,0.0080,15.56,1940.87
1778882216.7672,0241,0235,0.0080,15.56,1938.04
1778882216.7752,0245,0242,0.0080,8.06,1012.14
1778882216.7832,0250,0248,0.0080,7.81,972.73
1778882216.7912,0252,0255,0.0080,7.28,909.92
1778882216.7992,0257,0262,0.0080,8.60,1080.04
1778882216.8073,0264,0271,0.0081,11.40,1414.03
1778882216.8152,0276,0289,0.0079,21.63,2727.04
1778882216.8232,0288,0308,0.0080,22.47,2797.64
1778882216.8312,0304,0330,0.0080,27.20,3395.96
1778882216.8392,0320,0352,0.0080,27.20,3418.65
1778882216.8472,0335,0374,0.0081,26.63,3307.14
1778882216.8552,0351,0392,0.0080,24.08,3012.14
1778882216.8633,0361,0403,0.0080,14.87,1853.75
1778882216.8712,0368,0410,0.0080,9.90,1243.64
1778882216.8792,0370,0414,0.0080,4.47,558.43
1778882216.8872,0373,0418,0.0080,5.00,626.41
1778882216.8952,0374,0420,0.0080,2.24,279.23
1778882216.9513,0376,0421,0.0561,2.24,39.86
1778882216.9672,0376,0423,0.0159,2.00,125.74
1778882216.9752,0378,0425,0.0079,2.83,356.22
1778882216.9832,0378,0427,0.0081,2.00,247.77
1778882216.9992,0380,0434,0.0080,6.32,794.68
1778882217.0072,0380,0438,0.0081,4.00,496.79
1778882217.0153,0382,0445,0.0081,7.28,903.24
1778882217.0233,0386,0451,0.0080,7.21,902.77
1778882217.0312,0391,0458,0.0079,8.60,1082.11
1778882217.0392,0393,0462,0.0080,4.47,561.50
1778882217.0473,0397,0469,0.0081,8.06,995.28
1778882217.0553,0399,0473,0.0080,4.47,559.96
1778882217.0632,0404,0477,0.0080,6.40,804.86
1778882217.0712,0408,0482,0.0080,6.40,803.66
1778882217.0792,0412,0484,0.0081,4.47,555.20
1778882217.0872,0416,0488,0.0080,5.66,709.14
1778882217.0953,0420,0490,0.0080,4.47,556.19
1778882217.1032,0425,0494,0.0080,6.40,802.12
1778882217.1112,0432,0501,0.0080,9.90,1237.49
1778882217.1193,0438,0506,0.0081,7.81,966.13
1778882217.1272,0445,0510,0.0079,8.06,1025.06
1778882217.1352,0449,0514,0.0080,5.66,703.30
1778882217.1432,0454,0519,0.0080,7.07,882.40
1778882217.1512,0458,0523,0.0080,5.66,707.85
1778882217.1592,0460,0525,0.0080,2.83,354.14
1778882221.2952,0461,0526,4.1360,1.41,0.34
1778882225.4473,0463,0526,4.1521,2.00,0.48
1778882225.9352,0463,0520,0.0080,6.00,748.52
1778882225.9431,0463,0508,0.0079,12.00,1513.42
1778882225.9512,0463,0495,0.0080,13.00,1620.00
1778882225.9592,0463,0483,0.0080,12.00,1504.46
1778882225.9672,0463,0463,0.0080,20.00,2485.96
1778882225.9752,0461,0442,0.0080,21.10,2638.72
1778882225.9832,0458,0418,0.0080,24.19,3022.66
1778882225.9912,0455,0389,0.0080,29.15,3636.16
1778882225.9992,0455,0361,0.0080,28.00,3508.20
1778882226.0071,0452,0333,0.0080,28.16,3542.03
1778882226.0153,0448,0305,0.0082,28.28,3468.69
1778882226.0232,0448,0281,0.0079,24.00,3029.84
1778882226.0312,0442,0256,0.0080,25.71,3212.92
1778882226.0392,0442,0236,0.0080,20.00,2510.21
1778882226.0472,0442,0219,0.0080,17.00,2127.63
1778882226.0552,0442,0207,0.0080,12.00,1499.04
1778882226.0632,0442,0195,0.0080,12.00,1493.21
1778882226.0712,0442,0182,0.0080,13.00,1629.10
1778882226.0792,0442,0170,0.0080,12.00,1499.30
1778882226.0872,0442,0157,0.0080,13.00,1630.46
1778882226.0952,0442,0148,0.0080,9.00,1124.88
1778882226.1032,0442,0140,0.0080,8.00,999.57
1778882226.1112,0442,0131,0.0080,9.00,1125.15
1778882226.1192,0442,0124,0.0080,7.00,873.09
1778882226.1272,0442,0118,0.0080,6.00,750.30
1778882226.1352,0442,0114,0.0080,4.00,501.79
1778882226.1432,0442,0112,0.0081,2.00,248.18
1778882226.1512,0442,0110,0.0079,2.00,251.86
1778882226.1672,0442,0107,0.0080,2.00,251.37
1778882226.1832,0442,0105,0.0160,2.00,124.76
1778882226.1992,0442,0102,0.0080,2.00,250.47
1778882226.2072,0443,0100,0.0080,2.24,278.30
1778882226.2152,0445,0096,0.0080,4.47,560.18
1778882226.2232,0447,0095,0.0080,2.24,280.92
1778882226.2312,0448,0093,0.0080,2.24,278.06
1778882226.2392,0448,0091,0.0080,2.00,251.19
1778882226.2472,0450,0088,0.0080,3.61,449.13
1778882226.2552,0452,0086,0.0080,2.83,353.86
1778882226.2632,0454,0084,0.0080,2.83,353.09
1778882226.2712,0454,0082,0.0080,2.00,250.20
1778882226.2792,0455,0079,0.0080,3.16,394.27
1778882226.2872,0460,0074,0.0080,7.07,889.09
1778882226.2952,0464,0070,0.0080,5.66,703.20
1778882226.3032,0468,0066,0.0080,5.66,708.36
1778882226.3112,0473,0059,0.0080,8.60,1074.28
1778882226.3192,0477,0052,0.0080,8.06,1011.96
1778882226.3272,0482,0046,0.0080,7.81,971.63
1778882226.3352,0484,0042,0.0080,4.47,560.88
1778882226.3432,0488,0035,0.0081,8.06,999.63
1778882226.3513,0490,0031,0.0080,4.47,557.30
1778882226.3593,0492,0027,0.0080,4.47,559.32
1778882226.3672,0494,0023,0.0079,4.47,563.12
1778882226.3752,0496,0021,0.0080,2.83,355.20
1778882226.3833,0496,0019,0.0081,2.00,247.23
1778882228.4392,0496,0026,2.0559,7.00,3.40
1778882228.4471,0496,0038,0.0080,12.00,1504.64
1778882228.4552,0499,0066,0.0080,28.16,3505.14
1778882228.4632,0499,0098,0.0080,32.00,3994.34
1778882228.4712,0503,0134,0.0080,36.22,4521.55
1778882228.4792,0509,0171,0.0080,37.48,4689.81
1778882228.4872,0516,0211,0.0080,40.61,5074.39
1778882228.4952,0526,0244,0.0080,34.48,4298.63
1778882228.5032,0532,0280,0.0080,36.50,4556.83
1778882228.5113,0539,0313,0.0080,33.73,4200.56
1778882228.5192,0549,0345,0.0080,33.53,4196.70
1778882228.5273,0559,0382,0.0081,38.33,4733.31
1778882228.5352,0569,0419,0.0079,38.33,4881.05
1778882228.5432,0575,0459,0.0080,40.45,5051.34
1778882228.5512,0582,0499,0.0080,40.61,5050.76
1778882228.5593,0589,0536,0.0080,37.66,4701.78
1778882228.5672,0592,0568,0.0079,32.14,4046.29
1778882228.5752,0595,0596,0.0080,28.16,3521.02
1778882228.5832,0598,0621,0.0080,25.18,3145.87
1778882228.5912,0601,0637,0.0080,16.28,2034.45
1778882228.5992,0603,0650,0.0080,13.15,1647.92
1778882228.6072,0603,0657,0.0080,7.00,872.59
1778882228.6152,0603,0661,0.0080,4.00,501.85
1778882229.4872,0599,0661,0.0160,4.12,257.63
1778882229.4952,0592,0657,0.0080,8.06,1009.54
1778882229.5033,0585,0652,0.0081,8.60,1062.98
1778882229.5112,0581,0650,0.0080,4.47,562.22
1778882229.5192,0574,0646,0.0080,8.06,1012.78
1778882229.5272,0568,0641,0.0080,7.81,972.04
1778882229.5353,0564,0639,0.0080,4.47,556.72
1778882229.5432,0559,0637,0.0079,5.39,679.25
1778882229.5512,0555,0635,0.0080,4.47,557.88
1778882229.5592,0551,0635,0.0080,4.00,498.22
1778882230.1592,0550,0634,0.6000,1.41,2.36
1778882233.3999,1878,0478,3.2407,1337.13,412.61
1778882233.4073,1874,0478,0.0074,4.00,541.22
1778882233.4152,1871,0478,0.0080,3.00,376.41
1778882233.4232,1867,0478,0.0080,4.00,502.66
1778882233.4312,1858,0478,0.0080,9.00,1119.18
1778882233.4393,1851,0478,0.0081,7.00,868.26
1778882233.4472,1842,0478,0.0079,9.00,1139.62
1778882233.4552,1833,0478,0.0080,9.00,1125.85
1778882233.4633,1818,0476,0.0081,15.13,1875.35
1778882233.4713,1801,0473,0.0081,17.26,2143.68
1778882233.4793,1777,0470,0.0080,24.19,3034.24
1778882233.4872,1748,0464,0.0079,29.61,3733.76
1778882233.4952,1715,0454,0.0080,34.48,4318.40
1778882233.5033,1678,0444,0.0081,38.33,4752.76
1778882233.5112,1628,0437,0.0079,50.49,6372.38
1778882233.5192,1572,0425,0.0080,57.27,7117.64
1778882233.5272,1530,0411,0.0080,44.27,5551.10
1778882233.5353,1487,0396,0.0081,45.54,5648.11
1778882233.5432,1437,0381,0.0080,52.20,6565.58
1778882233.5512,1386,0361,0.0080,54.78,6848.99
1778882233.5593,1331,0332,0.0081,62.18,7705.19
1778882233.5673,1274,0297,0.0080,66.89,8391.87
1778882233.7752,1253,0288,0.2079,22.85,109.88
1778882233.7832,1246,0289,0.0080,7.07,879.78
1778882233.7912,1242,0293,0.0080,5.66,708.26
1778882233.7992,1238,0298,0.0080,6.40,801.16
1778882233.8073,1228,0302,0.0080,10.77,1338.73
1778882233.8152,1211,0308,0.0079,18.03,2274.85
1778882233.8232,1197,0313,0.0081,14.87,1846.12
1778882233.8312,1187,0321,0.0080,12.81,1600.13
1778882233.8393,1180,0328,0.0081,9.90,1221.36
1778882233.8472,1173,0335,0.0079,9.90,1258.80
1778882233.8552,1166,0342,0.0080,9.90,1238.89
1778882233.8632,1161,0356,0.0080,14.87,1846.89
1778882233.8713,1155,0377,0.0080,21.84,2728.94
1778882233.8792,1145,0402,0.0079,26.93,3388.19
1778882233.8873,1139,0431,0.0081,29.61,3674.88
1778882233.8952,1132,0463,0.0079,32.76,4133.32
1778882233.9032,1126,0496,0.0080,33.54,4171.79
1778882233.9112,1119,0528,0.0080,32.76,4098.30
1778882233.9192,1113,0557,0.0080,29.61,3700.61
1778882233.9273,1107,0586,0.0080,29.61,3679.78
1778882233.9352,1100,0610,0.0079,25.00,3147.46
1778882233.9432,1094,0635,0.0080,25.71,3207.09
1778882233.9513,1091,0656,0.0080,21.21,2642.31
1778882233.9592,1088,0673,0.0080,17.26,2164.18
1778882233.9672,1088,0689,0.0080,16.00,2009.61
1778882233.9752,1086,0706,0.0080,17.12,2126.69
1778882233.9833,1086,0722,0.0080,16.00,1997.11
1778882233.9913,1086,0735,0.0080,13.00,1624.83
1778882233.9992,1086,0747,0.0079,12.00,1509.56
1778882234.0073,1086,0759,0.0081,12.00,1489.32
1778882234.0152,1087,0776,0.0079,17.03,2152.82
1778882234.0232,1090,0793,0.0081,17.26,2139.81
1778882234.0312,1090,0809,0.0080,16.00,2003.55
1778882234.0392,1090,0825,0.0080,16.00,2012.38
1778882234.0472,1093,0842,0.0081,17.26,2143.43
1778882234.0553,1096,0859,0.0080,17.26,2148.00
1778882234.0632,1098,0872,0.0080,13.15,1649.60
1778882234.0713,1098,0885,0.0080,13.00,1619.71
1778882234.0792,1098,0901,0.0080,16.00,2008.35
1778882234.0872,1101,0918,0.0080,17.26,2167.23
1778882234.0952,1101,0934,0.0080,16.00,1992.19
1778882234.1033,1101,0954,0.0080,20.00,2491.72
1778882234.1112,1101,0970,0.0080,16.00,2007.80
1778882234.1192,1101,0987,0.0079,17.00,2140.14
1778882234.1272,1101,1003,0.0081,16.00,1986.29
1778882234.1352,1101,1015,0.0080,12.00,1506.35
1778882234.1432,1101,1024,0.0081,9.00,1117.98
1778882234.1512,1101,1031,0.0080,7.00,876.08
1778882234.1673,1101,1035,0.0160,4.00,249.33
1778882234.2552,1101,1038,0.0080,2.00,251.09
1778882234.6392,1100,1034,0.1279,2.24,17.49
1778882234.6472,1099,1032,0.0080,2.24,279.86
1778882234.6553,1092,1023,0.0081,11.40,1413.19
1778882234.6634,1081,1009,0.0081,17.80,2197.56
1778882234.6712,1058,0987,0.0078,31.83,4055.13
1778882234.6792,1028,0960,0.0080,40.36,5032.43
1778882234.6872,0987,0926,0.0080,53.26,6648.71
1778882234.6952,0935,0883,0.0080,67.48,8439.13
1778882234.7032,0878,0843,0.0080,69.63,8686.34
1778882234.7112,0826,0800,0.0080,67.48,8454.76
1778882234.7192,0774,0756,0.0079,68.12,8570.74
1778882234.7272,0721,0713,0.0080,68.25,8478.24
1778882234.7352,0676,0672,0.0080,60.88,7603.60
1778882234.7432,0624,0629,0.0079,67.48,8509.16
1778882234.7512,0587,0595,0.0080,50.25,6249.03
1778882234.7592,0551,0562,0.0080,48.84,6085.77
1778882234.7672,0524,0532,0.0080,40.36,5070.11
1778882234.7752,0497,0506,0.0080,37.48,4694.43
1778882234.7832,0478,0483,0.0080,29.83,3712.23
1778882234.7912,0466,0465,0.0080,21.63,2705.65
1778882234.7992,0455,0451,0.0080,17.80,2224.86
1778882234.8072,0450,0441,0.0080,11.18,1394.78
1778882234.8152,0447,0434,0.0080,7.62,949.80
1778882234.8232,0447,0428,0.0079,6.00,756.21
1778882234.8312,0447,0424,0.0080,4.00,498.00
1778882234.8392,0447,0420,0.0080,4.00,500.54
1778882234.8553,0447,0418,0.0161,2.00,124.52
1778882234.8713,0448,0413,0.0078,4.12,528.14
1778882234.8793,0450,0409,0.0080,4.47,559.12
1778882234.8872,0452,0407,0.0080,2.83,354.01
1778882234.8952,0456,0403,0.0079,5.66,712.51
1778882234.9032,0463,0399,0.0080,8.06,1007.22
1778882234.9112,0469,0394,0.0081,7.81,969.82
1778882234.9193,0476,0390,0.0080,8.06,1004.26
1778882234.9272,0483,0385,0.0080,8.60,1081.17
1778882234.9353,0487,0379,0.0080,7.21,895.79
1778882234.9432,0494,0374,0.0079,8.60,1089.26
1778882234.9512,0501,0370,0.0081,8.06,998.75
1778882234.9593,0505,0365,0.0080,6.40,799.73
1778882234.9673,0509,0361,0.0080,5.66,704.12
1778882234.9752,0514,0357,0.0080,6.40,804.77
1778882234.9833,0515,0355,0.0080,2.24,278.55
1778882234.9912,0517,0353,0.0079,2.83,357.40
1778882234.9992,0519,0352,0.0080,2.24,279.80
1778882235.0072,0521,0348,0.0081,4.47,555.07
1778882235.0152,0521,0342,0.0080,6.00,754.39
1778882235.0232,0521,0335,0.0081,7.00,869.18
1778882235.0312,0521,0329,0.0080,6.00,749.50
1778882235.0392,0521,0320,0.0079,9.00,1133.87
1778882235.0472,0521,0313,0.0080,7.00,874.15
1778882235.0552,0517,0304,0.0080,9.85,1230.35
1778882235.0634,0512,0294,0.0082,11.18,1370.48
1778882235.0712,0507,0284,0.0078,11.18,1425.60
1778882235.0792,0502,0274,0.0080,11.18,1391.42
1778882235.0872,0494,0260,0.0080,16.12,2017.51
1778882235.0952,0486,0250,0.0079,12.81,1611.85
1778882235.1032,0478,0239,0.0080,13.60,1700.86
1778882235.1112,0470,0229,0.0081,12.81,1585.16
1778882235.1192,0462,0218,0.0079,13.60,1716.99
1778882235.1272,0454,0208,0.0081,12.81,1587.98
1778882235.1352,0448,0201,0.0080,9.22,1152.87
1778882235.1432,0437,0190,0.0080,15.56,1945.73
1778882235.1512,0426,0179,0.0080,15.56,1945.32
1778882235.1592,0419,0172,0.0080,9.90,1237.12
1778882235.1672,0408,0165,0.0080,13.04,1636.50
1778882235.1752,0401,0154,0.0080,13.04,1629.00
1778882235.1832,0394,0147,0.0080,9.90,1237.71
1778882235.1912,0389,0143,0.0080,6.40,799.21
1778882235.1992,0385,0139,0.0080,5.66,710.23
1778882235.2072,0381,0134,0.0080,6.40,795.59
1778882235.2232,0379,0129,0.0080,4.47,557.79
1778882235.2312,0377,0127,0.0080,2.83,354.09
1778882235.2392,0376,0126,0.0080,1.41,177.13
1778882235.2472,0376,0124,0.0080,2.00,248.57
1778882235.2553,0374,0122,0.0080,2.83,351.92
1778882235.2632,0372,0118,0.0080,4.47,560.43
1778882235.2712,0370,0117,0.0079,2.24,281.43
1778882235.2792,0369,0115,0.0080,2.24,278.43
1778882235.2872,0367,0113,0.0080,2.83,352.98
1778882235.2952,0363,0111,0.0080,4.47,559.31
1778882235.3032,0359,0107,0.0080,5.66,708.51
1778882235.3112,0355,0103,0.0080,5.66,705.73
1778882235.3192,0351,0103,0.0080,4.00,501.35
1778882235.3272,0346,0099,0.0080,6.40,797.62
1778882235.3352,0340,0094,0.0080,7.81,975.25
1778882235.3432,0330,0089,0.0079,11.18,1410.13
1778882235.3512,0320,0084,0.0081,11.18,1385.75
1778882235.3592,0310,0079,0.0080,11.18,1401.82
1778882235.3673,0300,0074,0.0081,11.18,1386.81
1778882235.3752,0294,0070,0.0079,7.21,907.13
1778882235.3832,0287,0065,0.0080,8.60,1076.97
1778882235.3912,0283,0065,0.0080,4.00,502.58
1778882235.5272,0283,0062,0.1360,3.00,22.05
1778882235.5352,0283,0060,0.0080,2.00,250.83
1778882235.5512,0284,0058,0.0160,2.24,139.79
1778882235.5592,0286,0057,0.0080,2.24,277.78
1778882235.5912,0289,0055,0.0160,2.83,177.04
1778882235.5992,0291,0053,0.0080,2.83,353.23
1778882235.6072,0292,0051,0.0080,2.24,279.53
1778882235.6152,0294,0051,0.0080,2.00,250.35
1778882235.6232,0298,0050,0.0080,4.12,515.06
1778882235.6313,0302,0047,0.0081,5.00,618.90
1778882235.6393,0308,0047,0.0080,6.00,751.58
1778882235.6473,0315,0045,0.0080,7.28,909.89
1778882235.6553,0322,0043,0.0081,7.28,901.19
1778882235.6632,0328,0041,0.0079,6.32,799.90
1778882235.6713,0335,0039,0.0080,7.28,906.94
1778882235.6793,0341,0039,0.0080,6.00,751.20
1778882235.6872,0350,0036,0.0080,9.49,1192.37
1778882235.6952,0360,0034,0.0080,10.20,1280.96
1778882235.7032,0366,0034,0.0081,6.00,744.88
1778882235.7112,0370,0034,0.0079,4.00,504.15
1778882235.7192,0376,0032,0.0080,6.32,790.25
1778882235.7272,0383,0032,0.0081,7.00,867.72
1778882235.7352,0387,0032,0.0080,4.00,499.89
1778882235.7432,0393,0030,0.0079,6.32,795.85
1778882235.7512,0397,0030,0.0080,4.00,497.38
1778882235.8233,0401,0030,0.0720,4.00,55.53
1778882235.8632,0403,0030,0.0400,2.00,50.04
1778882235.8872,0398,0030,0.0080,4.00,497.72
1778882235.9032,0393,0030,0.0080,4.00,502.93
1778882235.9112,0389,0030,0.0080,4.00,500.54
1778882235.9192,0387,0030,0.0080,2.00,249.96
1778882235.9272,0384,0030,0.0080,3.00,372.95
1778882235.9352,0380,0030,0.0080,4.00,499.35
1778882235.9432,0376,0030,0.0079,4.00,505.47
1778882235.9512,0372,0030,0.0080,4.00,497.46
1778882235.9592,0368,0030,0.0080,4.00,498.51
1778882235.9672,0365,0030,0.0080,3.00,376.44
1778882235.9752,0361,0030,0.0080,4.00,501.50
1778882235.9833,0357,0030,0.0081,4.00,493.97
1778882236.1272,0355,0030,0.1439,2.00,13.89
1778882236.1432,0348,0030,0.0080,6.00,745.68
1778882236.1511,0339,0030,0.0079,9.00,1138.62
1778882236.1593,0327,0030,0.0081,12.00,1478.47
1778882236.1672,0318,0030,0.0080,9.00,1127.13
1778882236.1752,0309,0030,0.0080,9.00,1130.03
1778882236.1832,0302,0030,0.0080,7.00,877.52
1778882236.3512,0307,0030,0.0080,4.00,502.97
1778882236.3591,0313,0030,0.0080,6.00,751.15
1778882236.3672,0320,0027,0.0081,7.62,945.25
1778882236.3752,0329,0027,0.0080,9.00,1128.18
1778882236.3832,0341,0025,0.0080,12.17,1520.71
1778882236.3912,0354,0022,0.0080,13.34,1662.58
1778882236.3992,0367,0022,0.0080,13.00,1621.01
1778882236.4072,0383,0022,0.0080,16.00,2009.07
1778882236.4152,0400,0020,0.0081,17.12,2122.48
1778882236.4232,0420,0020,0.0079,20.00,2522.13
1778882236.4312,0436,0020,0.0080,16.00,1989.41
1778882236.4472,0445,0020,0.0160,9.00,563.60
1778882236.4552,0451,0020,0.0080,6.00,749.03
1778882236.8233,0453,0020,0.3681,2.00,5.43
1778882236.8792,0453,0022,0.0159,2.00,125.45
1778882236.8952,0453,0026,0.0160,4.00,249.43
1778882236.9112,0453,0031,0.0080,4.00,497.88
1778882236.9272,0453,0035,0.0160,4.00,250.13
1778882236.9352,0453,0037,0.0080,2.00,250.50
1778882236.9512,0453,0042,0.0080,4.00,498.48
1778882236.9592,0453,0044,0.0080,2.00,250.44
1778882236.9832,0453,0047,0.0080,2.00,250.38
1778882236.9912,0453,0051,0.0080,4.00,500.87
1778882236.9993,0455,0052,0.0081,2.24,277.66
1778882237.0152,0455,0054,0.0160,2.00,125.26
1778882237.0232,0457,0056,0.0080,2.83,354.05
1778882237.0312,0458,0057,0.0080,1.41,176.16
1778882237.0392,0460,0059,0.0079,2.83,356.49
1778882237.0472,0462,0061,0.0080,2.83,351.46
1778882237.0552,0463,0063,0.0080,2.24,279.10
1778882237.0632,0465,0064,0.0079,2.24,282.10
1778882237.0712,0467,0066,0.0080,2.83,351.86
1778882237.0792,0469,0068,0.0080,2.83,353.23
1778882237.1352,0470,0069,0.0560,1.41,25.23
1778882237.3432,0472,0069,0.2079,2.00,9.62
1778882237.3832,0474,0069,0.0400,2.00,49.96
1778882237.6873,0473,0071,0.3041,2.24,7.35
1778882237.6953,0471,0073,0.0080,2.83,354.52
1778882237.7033,0470,0074,0.0081,1.41,175.33
1778882237.7113,0468,0076,0.0080,2.83,353.59
1778882237.7193,0466,0076,0.0079,2.00,251.93
1778882237.7272,0462,0078,0.0080,4.47,562.43
1778882237.7352,0462,0080,0.0080,2.00,250.04
1778882237.7432,0461,0081,0.0080,1.41,177.05
1778882237.7512,0459,0083,0.0080,2.83,352.43
1778882237.7593,0457,0085,0.0080,2.83,352.04
1778882237.7672,0457,0087,0.0080,2.00,251.22
1778882237.7754,0456,0088,0.0081,1.41,174.04
1778882241.3992,0454,0088,3.6238,2.00,0.55
1778882261.5192,0800,0502,20.1200,539.55,26.82
1778882261.5272,0800,0506,0.0080,4.00,502.46
1778882261.5352,0800,0509,0.0080,3.00,375.17
1778882261.5432,0801,0519,0.0080,10.05,1251.81
1778882261.5512,0803,0528,0.0080,9.22,1153.32
1778882261.5592,0812,0542,0.0080,16.64,2076.05
1778882261.5672,0821,0560,0.0080,20.12,2529.48
1778882261.5752,0833,0581,0.0080,24.19,3020.33
1778882261.5832,0849,0603,0.0080,27.20,3386.79
1778882261.5912,0868,0626,0.0080,29.83,3723.39
1778882261.5992,0888,0652,0.0079,32.80,4127.42
1778882261.6072,0914,0682,0.0080,39.70,4950.47
1778882261.6152,0942,0717,0.0080,44.82,5580.35
1778882261.6232,0988,0763,0.0080,65.05,8105.50
1778882261.6312,1029,0808,0.0079,60.88,7658.33
1778882261.6392,1084,0863,0.0080,77.78,9681.01
1778882261.6472,1129,0904,0.0080,60.88,7619.25
1778882261.6552,1174,0945,0.0079,60.88,7668.22
1778882261.6632,1211,0978,0.0080,49.58,6194.59
1778882261.6712,1248,1011,0.0081,49.58,6150.07
1778882261.6792,1290,1042,0.0080,52.20,6562.04
1778882261.6872,1338,1070,0.0081,55.57,6902.90
1778882261.6952,1386,1098,0.0079,55.57,7002.24
1778882261.7032,1439,1122,0.0080,58.18,7276.16
1778882261.7112,1492,1147,0.0081,58.60,7270.53
1778882261.7192,1544,1167,0.0080,55.71,6975.51
1778882261.7272,1581,1180,0.0080,39.22,4901.21
1778882261.7353,1614,1190,0.0080,34.48,4284.50
1778882261.7433,1642,1196,0.0080,28.64,3577.26
1778882261.7512,1667,1202,0.0079,25.71,3236.35
1778882261.7592,1688,1205,0.0080,21.21,2656.91
1778882261.7672,1705,1208,0.0080,17.26,2161.92
1778882261.7752,1722,1211,0.0080,17.26,2155.29
1778882261.7832,1734,1211,0.0080,12.00,1497.79
1778882261.7912,1750,1211,0.0080,16.00,2003.19
1778882261.7992,1763,1211,0.0080,13.00,1626.33
1778882261.8072,1772,1211,0.0081,9.00,1115.70
1778882261.8153,1781,1210,0.0080,9.06,1129.51
1778882261.8233,1790,1207,0.0080,9.49,1180.63
1778882261.8312,1797,1205,0.0079,7.28,919.31
1778882261.8392,1803,1203,0.0080,6.32,787.34
1778882261.8473,1807,1203,0.0080,4.00,499.41
1778882261.8552,1811,1199,0.0080,5.66,709.34
1778882261.8632,1816,1194,0.0080,7.07,882.32
1778882261.8712,1820,1192,0.0079,4.47,563.32
1778882261.8792,1821,1191,0.0080,1.41,176.18
1778882261.8873,1823,1187,0.0081,4.47,554.81
1778882261.8952,1828,1180,0.0079,8.60,1083.41
1778882261.9032,1832,1176,0.0080,5.66,707.41
1778882261.9112,1836,1174,0.0080,4.47,556.95
1778882261.9192,1840,1170,0.0079,5.66,713.02
1778882261.9272,1844,1170,0.0080,4.00,499.95
1778882261.9352,1848,1170,0.0080,4.00,497.16
1778882261.9432,1852,1170,0.0080,4.00,500.63
1778882261.9512,1858,1170,0.0080,6.00,748.45
1778882261.9592,1865,1170,0.0080,7.00,877.68
1778882261.9672,1871,1170,0.0080,6.00,752.84
1778882261.9752,1880,1170,0.0080,9.00,1124.78
1778882261.9832,1884,1170,0.0081,4.00,496.82
1778882261.9912,1893,1170,0.0080,9.00,1127.27
1778882261.9992,1902,1170,0.0080,9.00,1128.48
1778882262.0072,1908,1170,0.0080,6.00,747.60
1778882262.0152,1917,1171,0.0080,9.06,1132.31
1778882262.0232,1924,1173,0.0080,7.28,910.89
1778882262.0313,1931,1175,0.0081,7.28,904.18
1778882262.0392,1937,1178,0.0079,6.71,845.97
1778882262.0473,1941,1180,0.0081,4.47,553.19
1778882262.0553,1943,1180,0.0080,2.00,250.25
1778882262.1272,1945,1181,0.0720,2.24,31.06
1778882262.1752,1950,1181,0.0080,4.00,498.86
1778882262.1832,1954,1181,0.0080,4.00,500.02
1778882262.2792,1956,1181,0.0960,2.00,20.83
1778882262.2952,1961,1181,0.0080,4.00,500.57
1778882262.3032,1963,1181,0.0080,2.00,250.44
1778882262.3112,1966,1183,0.0080,3.61,451.59
1778882262.3192,1968,1183,0.0080,2.00,249.79
1778882262.3272,1970,1185,0.0080,2.83,353.24
1778882262.3352,1972,1185,0.0080,2.00,250.48
1778882262.5672,1972,1187,0.2321,2.00,8.62
1778882262.5832,1969,1188,0.0080,3.00,373.25
1778882262.5912,1965,1188,0.0080,4.00,500.65
1778882262.5992,1958,1190,0.0079,7.28,915.98
1778882262.6073,1954,1193,0.0081,5.00,617.21
1778882262.6152,1945,1195,0.0080,9.22,1155.80
1778882262.6233,1936,1197,0.0081,9.22,1138.68
1778882262.6312,1923,1200,0.0079,13.34,1695.26
1778882262.6392,1906,1203,0.0080,17.26,2161.66
1778882262.6472,1893,1205,0.0080,13.15,1640.23
1778882262.6552,1872,1211,0.0080,21.84,2737.26
1778882262.6632,1843,1218,0.0081,29.83,3703.77
1778882262.6712,1811,1224,0.0080,32.56,4083.39
1778882262.6792,1775,1227,0.0080,36.12,4512.16
1778882262.6872,1734,1234,0.0080,41.59,5203.26
1778882262.6952,1689,1241,0.0080,45.54,5725.31
1778882262.7032,1643,1248,0.0080,46.53,5800.19
1778882262.7114,1592,1252,0.0082,51.16,6244.11
1778882262.7192,1540,1255,0.0078,52.09,6649.62
1778882262.7273,1488,1259,0.0080,52.15,6493.55
1778882262.7352,1442,1266,0.0080,46.53,5840.99
1778882262.7433,1402,1270,0.0081,40.20,4947.01
1778882262.7512,1366,1273,0.0078,36.12,4602.20
1778882262.7592,1338,1276,0.0080,28.16,3505.24
1778882262.7673,1314,1279,0.0080,24.19,3009.30
1778882262.7752,1297,1282,0.0079,17.26,2177.46
1778882262.7832,1280,1282,0.0080,17.00,2123.00
1778882262.7912,1268,1282,0.0080,12.00,1497.97
1778882262.7992,1259,1284,0.0080,9.22,1155.42
1778882262.8072,1250,1284,0.0080,9.00,1118.55
1778882262.8152,1241,1284,0.0080,9.00,1126.36
1778882262.8233,1232,1284,0.0081,9.00,1111.34
1778882262.8312,1220,1284,0.0079,12.00,1518.21
1778882262.8393,1208,1284,0.0080,12.00,1496.23
1778882262.8472,1195,1287,0.0080,13.34,1670.77
1778882262.8553,1182,1287,0.0080,13.00,1621.73
1778882262.8632,1173,1287,0.0079,9.00,1133.09
1778882262.8712,1164,1287,0.0080,9.00,1119.51
1778882262.8792,1158,1287,0.0080,6.00,751.94
1778882262.8873,1151,1287,0.0080,7.00,871.07
1778882262.8952,1148,1287,0.0080,3.00,375.09
